Executable      : siesta
Version         : 5.4.2
Architecture    : x86_64
Compiler version: GNU-14.3.0
Compiler flags  : -march=nocona -mtune=haswell -ftree-vectorize -fPIC -fstack-protector-strong -fno-plt -O2 -ffunction-sections -pipe -isystem <prefix>/include -I<prefix>/_build_env/include -fdebug-prefix-map=<prefix>/work=/usr/local/src/conda/siesta-5.4.2 -fdebug-prefix-map=<prefix>=/usr/local/src/conda-prefix -I<prefix>/lib -fallow-argument-mismatch -O3
Parallelisations: MPI
NetCDF support
NetCDF-4 support
NetCDF-4 MPI-IO support
Lua support
ELSI support. Solvers:
   ELPA (internal) 
   NTPoly
   OMM
DFT-D3 support

Runtime information:
* Directory : /home/carlos/Dropbox/dev/stb/test/3-analysis/12-wfdensity/test
* Running on 4 nodes in parallel.
>> Start of run:  28-JUL-2026  12:14:45

                           *********************** 
                           *  WELCOME TO SIESTA  * 
                           *********************** 

 NOTE: Siesta V5 introduces some new defaults for basis-set generation
 NOTE: which might lead to slightly different numerical results.
 NOTE: Please see the manual for full details and compatibility measures.


reinit: Reading from file calc.fdf

reinit: -----------------------------------------------------------------------
reinit: System Name: siesta
reinit: -----------------------------------------------------------------------
reinit: System Label: siesta
reinit: -----------------------------------------------------------------------

NOTE on units for spin output: 
{S} is the spin magnetic moment, in units of the Bohr magneton,
assuming a g-factor for the electron spin of exactly 2.
The spin magnetic moment is then numerically equal to the charge inbalance,
in units of electrons, between the spin-up and -down channels.


initatom: Reading input for the pseudopotentials and atomic orbitals ----------
Species number:   1 Atomic number:   24 Label: Cr
Species number:   2 Atomic number:   16 Label: S

Ground state valence configuration (from tables):   4s01  4p00  3d05  4f00
Ground state valence configuration (from tables):   3s02  3p04  3d00  4f00

---- Processing specs for species: Cr
Reading pseudopotential information in PSML from:
  Cr.psml
PSML file version: 1.1
Using libxc ids:  101 130
GGA--PBE XC_GGA_X_PBE--XC_GGA_C_PBE pb
PSML uuid: dc09f040-be41-11e7-6c20-0877dceecaa6
Semicore shell(s) with  8 electrons included in the valence for Cr

---- Processing specs for species: S
Reading pseudopotential information in PSML from:
  S.psml
PSML file version: 1.1
Using libxc ids:  101 130
GGA--PBE XC_GGA_X_PBE--XC_GGA_C_PBE pb
PSML uuid: 1fa1ca70-c73e-11ed-7b73-f832edff02a3

---- Pseudopotential check for Cr

Pseudized shells:
3s( 2.00) rc: 1.31
3p( 6.00) rc: 1.31
3d( 5.00) rc: 1.72
Valence configuration for ps generation: 3s:3p:3d:4s: Total charge:  14.000000
Semicore shell(s): 3s 3p
Fallback to non-perturbative polarization scheme for Cr
Please see the manual if this is not desired in principle

---- Pseudopotential check for S 

Pseudized shells:
3s( 2.00) rc: 1.46
3p( 4.00) rc: 1.46
3d( 0.00) rc: 1.46
Valence configuration for ps generation: 3s:3p: Total charge:   6.000000
For Cr, standard SIESTA heuristics set lmxkb to 3
 (one more than the basis l, including polarization orbitals).
Use PS.lmax or PS.KBprojectors blocks to override.
For S, standard SIESTA heuristics set lmxkb to 3
 (one more than the basis l, including polarization orbitals).
Use PS.lmax or PS.KBprojectors blocks to override.
Cr pseudopotential only contains V_ls up to l=2 -- lmxkb reset.
S pseudopotential only contains V_ls up to l=2 -- lmxkb reset.

<basis_specs>
===============================================================================
Cr                   Z=  24    Mass=  51.996        Charge= 0.17977+309
Lmxo=2 Lmxkb= 2    BasisType=split      Semic=T
L=0  Nsemic=1  Cnfigmx=4
          i=1  nzeta=1  polorb=0  (3s)  (semicore shell)
            splnorm:   0.15000    
               vcte:    40.000    
               rinn:  -0.90000    
               qcoe:    0.0000    
               qyuk:    0.0000    
               qwid:   0.10000E-01
                rcs:    0.0000    
            lambdas:    1.0000    
          i=2  nzeta=2  polorb=0  (4s)  (to be polarized non-perturbatively)
            splnorm:   0.15000    
               vcte:    40.000    
               rinn:  -0.90000    
               qcoe:    0.0000    
               qyuk:    0.0000    
               qwid:   0.10000E-01
                rcs:    0.0000      0.0000    
            lambdas:    1.0000      1.0000    
L=1  Nsemic=1  Cnfigmx=4
          i=1  nzeta=1  polorb=0  (3p)  (semicore shell)
            splnorm:   0.15000    
               vcte:    40.000    
               rinn:  -0.90000    
               qcoe:    0.0000    
               qyuk:    0.0000    
               qwid:   0.10000E-01
                rcs:    0.0000    
            lambdas:    1.0000    
          i=2  nzeta=1  polorb=0  (4p)  (non-perturbative polarization shell)
            splnorm:   0.15000    
               vcte:    40.000    
               rinn:  -0.90000    
               qcoe:    0.0000    
               qyuk:    0.0000    
               qwid:   0.10000E-01
                rcs:    0.0000    
            lambdas:    1.0000    
L=2  Nsemic=0  Cnfigmx=3
          i=1  nzeta=2  polorb=0  (3d)
            splnorm:   0.15000    
               vcte:    40.000    
               rinn:  -0.90000    
               qcoe:    0.0000    
               qyuk:    0.0000    
               qwid:   0.10000E-01
                rcs:    0.0000      0.0000    
            lambdas:    1.0000      1.0000    
-------------------------------------------------------------------------------
L=0  Nkbl=2  erefs: 0.17977+309 0.17977+309
L=1  Nkbl=2  erefs: 0.17977+309 0.17977+309
L=2  Nkbl=1  erefs: 0.17977+309
===============================================================================
</basis_specs>

Filter: Requested cutoff:  150.000000 Ry
Using PAO.SplitTailNorm
atom: Called for Cr                    (Z =  24)
Maximum radius (at nrval) set to   50.00000 8518

read_vps: Pseudopotential generation method:
read_vps: ONCVPSP-3.Hamann's oncvpsp                        
Valence charge in pseudo generation:   14.00000

read_vps: Pseudopotential includes a core correction:
read_vps: Pseudo-core for xc-correction

xc_check: Exchange-correlation functional:
xc_check: GGA Perdew, Burke & Ernzerhof 1996
Got Vlocal (oncv-fit) from psml data
Choosing vlocal chloc cutoff:  3.869979
qtot up to nchloc:   14.00005033
atom: Maximum radius for chlocal:    3.86998
atom: Maximum radius for r*vlocal+2*Zval:    3.86998
Reading KB projs from Cr psml data
Using scalar-relativistic projectors in PSML file

PSML: Kleinman-Bylander projectors: 
   l= 0   rc=  1.322197   Ekb= 12.608254
   l= 0   rc=  1.322197   Ekb= -2.636667
   l= 1   rc=  1.322197   Ekb=  2.431086
   l= 1   rc=  1.322197   Ekb= -1.649312
   l= 2   rc=  1.738625   Ekb=-12.465379
   l= 2   rc=  1.740375   Ekb= -3.440690

PSML: Total number of  Kleinman-Bylander projectors:  18
atom: -------------------------------------------------------------------------

atom: SANKEY-TYPE ORBITALS:
atom: Selected multiple-zeta basis: split     

SPLIT: Orbitals with angular momentum L= 0

SPLIT: Basis orbitals for state 3s

SPLIT: PAO cut-off radius determined from an
SPLIT: energy shift=  0.020000 Ry
Split based on tail norm

   izeta = 1
                 lambda =    1.000000
                     rc =    2.446727
                 energy =   -5.416614
                kinetic =    2.720255
    potential(screened) =   -8.136868
       potential(ionic) =  -29.876218
PAO Filter: Cutoff used:   73.50 Ry
PAO Filter: diagnostic kin energy tol:    0.003000 Ry
PAO Filter: Nominal cutoff (before filtering):   67.05 Ry
Filter:    Number of eigenfunctions  of the
           filtering kernel (total, used)= 24  5

SPLIT: Basis orbitals for state 4s

SPLIT: PAO cut-off radius determined from an
SPLIT: energy shift=  0.020000 Ry
Split based on tail norm

   izeta = 1
                 lambda =    1.000000
                     rc =    6.816621
                 energy =   -0.292607
                kinetic =    0.841631
    potential(screened) =   -1.134238
       potential(ionic) =  -11.026500
PAO Filter: Cutoff used:   73.50 Ry
PAO Filter: diagnostic kin energy tol:    0.003000 Ry
PAO Filter: Nominal cutoff (before filtering):   50.66 Ry
Filter:    Number of eigenfunctions  of the
           filtering kernel (total, used)= 48 17

   izeta = 2
                 rmatch =    5.222189
              splitnorm =    0.150000
                 energy =   -0.134849
                kinetic =    1.560377
    potential(screened) =   -1.695226
       potential(ionic) =  -13.683848
PAO Filter: Cutoff used:   73.50 Ry
PAO Filter: diagnostic kin energy tol:    0.003000 Ry
PAO Filter: Nominal cutoff (before filtering):   59.30 Ry
Filter:    Number of eigenfunctions  of the
           filtering kernel (total, used)= 39 13

SPLIT: Orbitals with angular momentum L= 1

SPLIT: Basis orbitals for state 3p

SPLIT: PAO cut-off radius determined from an
SPLIT: energy shift=  0.020000 Ry
Split based on tail norm

   izeta = 1
                 lambda =    1.000000
                     rc =    2.715985
                 energy =   -3.318318
                kinetic =    6.337584
    potential(screened) =   -9.655902
       potential(ionic) =  -30.800548
PAO Filter: Cutoff used:   73.50 Ry
PAO Filter: diagnostic kin energy tol:    0.003000 Ry
PAO Filter: Nominal cutoff (before filtering):   55.40 Ry
Filter:    Number of eigenfunctions  of the
           filtering kernel (total, used)= 25  5

SPLIT: Basis orbitals for state 4p
SPLIT: Non-perturbative polarization orbs for state 4s
SPLIT: rc(1st zeta) (re)set to: 6.8166 (expansion factor: 1.0000)
Split based on tail norm

   izeta = 1
                 lambda =    1.000000
                     rc =    6.816621
                 energy =    0.023813
                kinetic =    0.952576
    potential(screened) =   -0.928763
       potential(ionic) =   -9.366336
PAO Filter: Cutoff used:   73.50 Ry
PAO Filter: diagnostic kin energy tol:    0.003000 Ry
PAO Filter: Nominal cutoff (before filtering):   40.70 Ry
Filter:    Number of eigenfunctions  of the
           filtering kernel (total, used)= 48 16

SPLIT: Orbitals with angular momentum L= 2

SPLIT: Basis orbitals for state 3d

SPLIT: PAO cut-off radius determined from an
SPLIT: energy shift=  0.020000 Ry
Split based on tail norm

   izeta = 1
                 lambda =    1.000000
                     rc =    4.547753
                 energy =   -0.192648
                kinetic =    8.003574
    potential(screened) =   -8.196223
       potential(ionic) =  -26.352369
PAO Filter: Cutoff used:   73.50 Ry
PAO Filter: diagnostic kin energy tol:    0.003000 Ry
PAO Filter: Nominal cutoff (before filtering):   70.52 Ry
Filter:    Number of eigenfunctions  of the
           filtering kernel (total, used)= 35 10

   izeta = 2
                 rmatch =    3.072774
              splitnorm =    0.150000
                 energy =   -0.057138
                kinetic =   10.079094
    potential(screened) =  -10.136231
       potential(ionic) =  -29.997881
PAO Filter: Cutoff used:   73.50 Ry
PAO Filter: diagnostic kin energy tol:    0.003000 Ry
PAO Filter: Nominal cutoff (before filtering):   72.23 Ry
Filter:    Number of eigenfunctions  of the
           filtering kernel (total, used)= 27  6
atom: Total number of Sankey-type orbitals: 19

atm_pop: Valence configuration (for local Pseudopot. screening):
 3s( 2.00) 4s( 1.00)                                                  
 3p( 6.00) 4p( 0.00)                                                  
 3d( 5.00)                                                            
Vna: chval, zval:   14.00000  14.00000

Vna:  Cut-off radius for the neutral-atom potential:   6.816621
VNA Filter: diagnostic kinetic energy tol:    0.003000 Ry
VNA Filter: Nominal cutoff (before filtering):   72.75 Ry
VNA Filter: Cutoff used:   150.00 Ry
Filter:    Number of eigenfunctions  of the
           filtering kernel (total, used)= 64 25
comcore: Pseudo-core radius Rcore=  1.510182
PCC Filter: diagnostic kin energy tol:    0.003000 Ry
PCC Filter: Nominal cutoff (before filtering):  187.75 Ry
PCC Filter: Cutoff used:   150.00 Ry
Filter:    Number of eigenfunctions  of the
           filtering kernel (total, used)= 22  4

atom: _________________________________________________________________________

<basis_specs>
===============================================================================
S                    Z=  16    Mass=  32.060        Charge= 0.17977+309
Lmxo=2 Lmxkb= 2    BasisType=split      Semic=F
L=0  Nsemic=0  Cnfigmx=3
          i=1  nzeta=2  polorb=0  (3s)
            splnorm:   0.15000    
               vcte:    40.000    
               rinn:  -0.90000    
               qcoe:    0.0000    
               qyuk:    0.0000    
               qwid:   0.10000E-01
                rcs:    0.0000      0.0000    
            lambdas:    1.0000      1.0000    
L=1  Nsemic=0  Cnfigmx=3
          i=1  nzeta=2  polorb=1  (3p)  (to be polarized perturbatively)
            splnorm:   0.15000    
               vcte:    40.000    
               rinn:  -0.90000    
               qcoe:    0.0000    
               qyuk:    0.0000    
               qwid:   0.10000E-01
                rcs:    0.0000      0.0000    
            lambdas:    1.0000      1.0000    
L=2  Nsemic=0  Cnfigmx=3
          i=1  nzeta=0  polorb=0  (3d)  (perturbative polarization orbital) (from 3p)
-------------------------------------------------------------------------------
L=0  Nkbl=1  erefs: 0.17977+309
L=1  Nkbl=1  erefs: 0.17977+309
L=2  Nkbl=1  erefs: 0.17977+309
===============================================================================
</basis_specs>

Filter: Requested cutoff:  150.000000 Ry
Using PAO.SplitTailNorm
atom: Called for S                     (Z =  16)
Maximum radius (at nrval) set to   50.00000 8518

read_vps: Pseudopotential generation method:
read_vps: ONCVPSP-4.Hamann's oncvpsp                        
Valence charge in pseudo generation:    6.00000

read_vps: Pseudopotential includes a core correction:
read_vps: Pseudo-core for xc-correction

xc_check: Exchange-correlation functional:
xc_check: GGA Perdew, Burke & Ernzerhof 1996
Got Vlocal (oncv-fit) from psml data
Choosing vlocal chloc cutoff:  4.598165
qtot up to nchloc:    6.00012416
atom: Maximum radius for chlocal:    4.59817
atom: Maximum radius for r*vlocal+2*Zval:    4.59817
Reading KB projs from S psml data
Using scalar-relativistic projectors in PSML file

PSML: Kleinman-Bylander projectors: 
   l= 0   rc=  1.466729   Ekb= 13.548468
   l= 0   rc=  1.466729   Ekb=  1.084539
   l= 1   rc=  0.000010   Ekb=  0.000000
   l= 1   rc=  0.000010   Ekb=  0.000000
   l= 2   rc=  0.000010   Ekb=  0.000000
   l= 2   rc=  1.466729   Ekb=  6.044853

PSML: Total number of  Kleinman-Bylander projectors:  18
atom: -------------------------------------------------------------------------

atom: SANKEY-TYPE ORBITALS:
atom: Selected multiple-zeta basis: split     

SPLIT: Orbitals with angular momentum L= 0

SPLIT: Basis orbitals for state 3s

SPLIT: PAO cut-off radius determined from an
SPLIT: energy shift=  0.020000 Ry
Split based on tail norm

   izeta = 1
                 lambda =    1.000000
                     rc =    4.114026
                 energy =   -1.245998
                kinetic =    1.011798
    potential(screened) =   -2.257797
       potential(ionic) =   -7.242407
PAO Filter: Cutoff used:   73.50 Ry
PAO Filter: diagnostic kin energy tol:    0.003000 Ry
PAO Filter: Nominal cutoff (before filtering):   28.22 Ry
Filter:    Number of eigenfunctions  of the
           filtering kernel (total, used)= 33 10

   izeta = 2
                 rmatch =    2.972703
              splitnorm =    0.150000
                 energy =   -0.578425
                kinetic =    2.254465
    potential(screened) =   -2.832891
       potential(ionic) =   -8.117484
PAO Filter: Cutoff used:   73.50 Ry
PAO Filter: diagnostic kin energy tol:    0.003000 Ry
PAO Filter: Nominal cutoff (before filtering):   32.43 Ry
Filter:    Number of eigenfunctions  of the
           filtering kernel (total, used)= 27  6

SPLIT: Orbitals with angular momentum L= 1

SPLIT: Basis orbitals for state 3p

SPLIT: PAO cut-off radius determined from an
SPLIT: energy shift=  0.020000 Ry
Split based on tail norm

   izeta = 1
                 lambda =    1.000000
                     rc =    4.996964
                 energy =   -0.492782
                kinetic =    1.542600
    potential(screened) =   -2.035382
       potential(ionic) =   -6.700053
PAO Filter: Cutoff used:   73.50 Ry
PAO Filter: diagnostic kin energy tol:    0.003000 Ry
PAO Filter: Nominal cutoff (before filtering):   20.90 Ry
Filter:    Number of eigenfunctions  of the
           filtering kernel (total, used)= 38 11

   izeta = 2
                 rmatch =    3.640375
              splitnorm =    0.150000
                 energy =   -0.292105
                kinetic =    2.326217
    potential(screened) =   -2.618322
       potential(ionic) =   -7.683020
PAO Filter: Cutoff used:   73.50 Ry
PAO Filter: diagnostic kin energy tol:    0.003000 Ry
PAO Filter: Nominal cutoff (before filtering):   24.56 Ry
Filter:    Number of eigenfunctions  of the
           filtering kernel (total, used)= 30  8

POLgen: Perturbative polarization orbital with L=  2

POLgen: Polarization orbital for state 3p
Split based on tail norm

   izeta = 1
                     rc =    4.996964
                 energy =    0.571239
                kinetic =    3.012473
    potential(screened) =   -2.441234
       potential(ionic) =   -6.958500
PAO Filter: diagnostic kin energy tol:    0.003000 Ry
PAO Filter: Nominal cutoff (before filtering):   45.76 Ry
Filter:    Number of eigenfunctions  of the
           filtering kernel (total, used)= 38 11
atom: Total number of Sankey-type orbitals: 13

atm_pop: Valence configuration (for local Pseudopot. screening):
 3s( 2.00)                                                            
 3p( 4.00)                                                            
 3d( 0.00)                                                            
Vna: chval, zval:    6.00000   6.00000

Vna:  Cut-off radius for the neutral-atom potential:   4.996964
VNA Filter: diagnostic kinetic energy tol:    0.003000 Ry
VNA Filter: Nominal cutoff (before filtering):   32.59 Ry
VNA Filter: Cutoff used:   150.00 Ry
Filter:    Number of eigenfunctions  of the
           filtering kernel (total, used)= 50 18
comcore: Pseudo-core radius Rcore=  2.210716
PCC Filter: diagnostic kin energy tol:    0.003000 Ry
PCC Filter: Nominal cutoff (before filtering):   50.44 Ry
PCC Filter: Cutoff used:   150.00 Ry
Filter:    Number of eigenfunctions  of the
           filtering kernel (total, used)= 28  7

atom: _________________________________________________________________________

prinput: Basis input 

PAO.BasisType split     

%block ChemicalSpeciesLabel
    1   24 Cr                      # Species index, atomic number, species label
    2   16 S                       # Species index, atomic number, species label
%endblock ChemicalSpeciesLabel

%block PAO.Basis                 # Define Basis set
# WARNING: This information might be incomplete!
Cr                    5                    # Species label, number of l-shells
 n=3   0   1                         # n, l, Nzeta 
   2.447   
   1.000   
 n=4   0   2                         # n, l, Nzeta 
   6.817      5.222   
   1.000      1.000   
 n=3   1   1                         # n, l, Nzeta 
   2.716   
   1.000   
 n=4   1   1                         # n, l, Nzeta 
   6.817   
   1.000   
 n=3   2   2                         # n, l, Nzeta 
   4.548      3.073   
   1.000      1.000   
S                     2                    # Species label, number of l-shells
 n=3   0   2                         # n, l, Nzeta 
   4.114      2.973   
   1.000      1.000   
 n=3   1   2 P   1                   # n, l, Nzeta, Polarization, NzetaPol
   4.997      3.640   
   1.000      1.000   
%endblock PAO.Basis

prinput: ----------------------------------------------------------------------

Dumping basis to NetCDF file Cr.ion.nc
Dumping basis to NetCDF file S.ion.nc
coor:   Atomic-coordinates input format  =     Fractional

siesta: Atomic coordinates (Bohr) and species
siesta:      3.25521   3.25521   0.00000  1        1
siesta:      0.00000   0.00000   0.00000  1        2
siesta:      3.25521   0.00000   2.90644  2        3
siesta:      0.00000   3.25521  41.22741  2        4

siesta: System type = bulk      

initatomlists: Number of atoms, orbitals, and projectors:      4    64    72

coxmol: Writing XMOL coordinates into file siesta.xyz                                                                                                                                                                                                                          

siesta: ******************** Simulation parameters ****************************
siesta:
siesta: The following are some of the parameters of the simulation.
siesta: A complete list of the parameters used, including default values,
siesta: can be found in file out.fdf
siesta:
redata: Spin configuration                          = collinear
redata: Number of spin components                   = 2
redata: Time-Reversal Symmetry                      = T
redata: Spin spiral                                 = F
redata: Long output                                 =   F
redata: Number of Atomic Species                    =        2
redata: Charge density info will appear in .RHO file
redata: Write Mulliken charges (when)               = none
redata: Write Mulliken Pop.                         = NO
redata: Write Hirshfeld charges (when)              = none
redata: Write Voronoi charges (when)                = none
redata: Write spin charge (when)                    = scf
redata: Matel table size (NRTAB)                    =     1024
redata: Mesh Cutoff                                 =   320.0000 Ry
redata: Net charge of the system                    =     0.0000 |e|
redata: Min. number of SCF Iter                     =        0
redata: Max. number of SCF Iter                     =      300
redata: SCF convergence failure will abort job
redata: SCF mix quantity                            = Hamiltonian
redata: Mix DM or H after convergence               =   F
redata: Recompute H after scf cycle                 =   F
redata: Mix DM in first SCF step                    =   T
redata: Write Pulay info on disk                    =   F
redata: New DM Occupancy tolerance                  = 0.000000000001
redata: No kicks to SCF
redata: DM Mixing Weight for Kicks                  =     0.5000
redata: Require Harris convergence for SCF          =   F
redata: Harris energy tolerance for SCF             =     0.000100 eV
redata: Require DM convergence for SCF              =   T
redata: DM tolerance for SCF                        =     0.000010
redata: Require EDM convergence for SCF             =   F
redata: EDM tolerance for SCF                       =     0.001000 eV
redata: Require H convergence for SCF               =   T
redata: Hamiltonian tolerance for SCF               =     0.001000 eV
redata: Require (free) Energy convergence for SCF   =   F
redata: (free) Energy tolerance for SCF             =     0.000100 eV
redata: Antiferro initial spin density              =   F
redata: Using DFT-D3 dispersion                     =   T
redata: Using Saved Data (generic)                  =   F
redata: Use continuation files for DM               =   T
redata: Neglect nonoverlap interactions             =   F
redata: Method of Calculation                       = Diagonalization
redata: Electronic Temperature                      =   300.0000 K
redata: Fix the spin of the system                  =   F
redata: Max. number of TDED Iter                    =        1
redata: Number of TDED substeps                     =        3
redata: Dynamics option                             = Single-point calculation
mix.SCF: Pulay mixing                            = Pulay
mix.SCF:    Variant                              = stable
mix.SCF:    History steps                        = 6
mix.SCF:    Linear mixing weight                 =     0.100000
mix.SCF:    Mixing weight                        =     0.100000
mix.SCF:    SVD condition                        = 0.1000E-07
mix.SCF: Spin-component mixing                   all
redata: Save all siesta data in one NC              =   F
redata: ***********************************************************************

%block SCF.Mixers
  Pulay
%endblock SCF.Mixers

%block SCF.Mixer.Pulay
  # Mixing method
  method pulay
  variant stable

  # Mixing options
  weight 0.1000
  weight.linear 0.1000
  history 6
%endblock SCF.Mixer.Pulay

DFT-D3: loading default parameters for functional PBE.
DM_history_depth set to one: no extrapolation allowed by default for geometry relaxation
Size of DM history Fstack: 1
Total number of electrons:    40.000000
Total ionic charge:    40.000000

* ProcessorY, Blocksize:    1  17


* Orbital distribution balance (max,min):    17    13

k-point displ. along   1 input, could be:     0.00    0.50
k-point displ. along   2 input, could be:     0.00    0.50
 Kpoints in:           60 . Kpoints trimmed:           56

siesta: k-grid: Number of k-points = 56
siesta: k-points from Monkhorst-Pack grid
siesta: k-cutoff (effective) =    11.677 Ang
siesta: k-point supercell and displacements
siesta: k-grid:    10     0     0      0.000
siesta: k-grid:     0    10     0      0.000
siesta: k-grid:     0     0     1      0.000
k-point displ. along   1 input, could be:     0.00    0.50
k-point displ. along   2 input, could be:     0.00    0.50
 Kpoints in:           60 . Kpoints trimmed:           56

siesta: PDOS k-grid: Number of k-points = 56
siesta: PDOS k-points from Monkhorst-Pack grid
siesta: PDOS k-cutoff (effective) =     0.000 Ang
siesta: PDOS k-point supercell and displacements
siesta: k-grid:    10     0     0      0.000
siesta: k-grid:     0    10     0      0.000
siesta: k-grid:     0     0     1      0.000

diag: Algorithm                                     = D&C
diag: Parallel over k                               =   T
diag: Use parallel 2D distribution                  =   T
diag: Parallel block-size                           = 17
diag: Parallel distribution                         =     2 x     2
diag: Used triangular part                          = Lower
diag: Absolute tolerance                            =  0.100E-15
diag: Orthogonalization factor                      =  0.100E-05
diag: Memory factor                                 =  1.0000
Using current reciprocal lattice vectors for BandLinesScale
Beware any cell changes by the end of the run.
Using current reciprocal lattice vectors for BandLinesScale
Beware any cell changes by the end of the run.

superc: Internal auxiliary supercell:     5 x     5 x     3  =      75
superc: Number of atoms, orbitals, and projectors:    300   4800   5400


ts: **************************************************************
ts: Save H and S matrices                           =    F
ts: Save TSHS files in MD/FC simulation             =    F
ts: Save DM and EDM matrices                        =    F
ts: Only save the overlap matrix S                  =    F
ts: **************************************************************

************************ Begin: TS CHECKS AND WARNINGS ************************
************************ End: TS CHECKS AND WARNINGS **************************


                     ====================================
                        Single-point calculation
                     ====================================

superc: Internal auxiliary supercell:     5 x     5 x     3  =      75
superc: Number of atoms, orbitals, and projectors:    300   4800   5400

outcell: Unit cell vectors (Ang):
        3.445164    0.000000    0.000000
        0.000000    3.445164    0.000000
        0.000000    0.000000   23.354627

outcell: Cell vector modules (Ang)   :    3.445164    3.445164   23.354627
outcell: Cell angles (23,13,12) (deg):     90.0000     90.0000     90.0000
outcell: Cell volume (Ang**3)        :    277.1997
<dSpData1D:S at geom step 0
  <sparsity:sparsity for geom step 0
    nrows_g=64 nrows=17 sparsity=1.7898 nnzs=7331, refcount: 7>
  <dData1D:(new from dSpData1D) n=7331, refcount: 1>
refcount: 1>
new_DM -- step:     1
Initializing Density Matrix...

Attempting to read DM from file... Succeeded...
DM from file:
<dSpData2D:IO-DM: siesta.DM
  <sparsity:IO-DM: siesta.DM
    nrows_g=64 nrows=17 sparsity=1.7898 nnzs=7331, refcount: 1>
  <dData2D:(new from dSpData2D) n=7331 m=2, refcount: 1>
refcount: 1>
DM to be used:
<dSpData2D:Re-structured SpM
  <sparsity:sparsity for geom step 0
    nrows_g=64 nrows=17 sparsity=1.7898 nnzs=7331, refcount: 8>
  <dData2D:(new in restruct) n=7331 m=2, refcount: 1>
refcount: 1>
No. of atoms with KB's overlaping orbs in proc 0. Max # of overlaps:      21     151

InitMesh: MESH = 40 x 40 x 256 = 409600
InitMesh: Mesh cutoff (required, used) =   320.000   332.075 Ry
New grid distribution [1]: sub = 2
New grid distribution [2]: sub = 2
New grid distribution [3]: sub = 2
Setting up quadratic distribution...

stepf: Fermi-Dirac step function

siesta: Program's energy decomposition (eV):
siesta: Ebs     =     -1183.909802
siesta: Eions   =      7631.254794
siesta: Ena     =       923.136443
siesta: Ekin    =      2351.937307
siesta: Enl     =      -313.320432
siesta: Eso     =         0.000000
siesta: Edftu   =         0.000000
siesta: DEna    =        65.223344
siesta: DUscf   =        11.810157
siesta: DUext   =         0.000000
siesta: Ex      =      -838.632239
siesta: Ec      =       -57.456389
siesta: Exc     =      -896.088627
siesta: EbV     =         0.000000
siesta: eta*DQ  =         0.000000
siesta: Emadel  =         0.000000
siesta: Emeta   =         0.000000
siesta: Emolmec =         0.000000
siesta: Ekinion =         0.000000
siesta: Eharris =     -5488.556603
siesta: Etot    =     -5488.556601
siesta: FreeEng =     -5488.565156

        iscf     Eharris(eV)        E_KS(eV)     FreeEng(eV)     dDmax    Ef(eV) dHmax(eV)
   scf:    1    -5488.556603    -5488.556601    -5488.565156  0.000035 -6.834506  0.000652
     spin moment: {S} , |S| = {        0.0        0.0    0.74723 }     0.74723
timer: Routine,Calls,Time,% = IterSCF        1       0.423  21.84
   scf:    2    -5488.556601    -5488.556601    -5488.565156  0.000023 -6.834511  0.001010
     spin moment: {S} , |S| = {        0.0        0.0    0.74723 }     0.74723
   scf:    3    -5488.556601    -5488.556601    -5488.565156  0.000015 -6.834512  0.000084
     spin moment: {S} , |S| = {        0.0        0.0    0.74723 }     0.74723
   scf:    4    -5488.556601    -5488.556601    -5488.565156  0.000001 -6.834513  0.000087
     spin moment: {S} , |S| = {        0.0        0.0    0.74723 }     0.74723

SCF Convergence by DM+H criterion
max |DM_out - DM_in|         :     0.0000009435
max |H_out - H_in|      (eV) :     0.0000870118
SCF cycle converged after 4 iterations

Using DM_out to compute the final energy and forces
No. of atoms with KB's overlaping orbs in proc 0. Max # of overlaps:      21     151
Using SIESTA-detected periodicity for D3. Use DFTD3.Periodic to override.
Periodicity found for lattice vector 1.
Periodicity found for lattice vector 2.
Periodicity found for lattice vector 3.

siesta: E_KS(eV) =            -5489.4692

siesta: E_KS - E_eggbox =     -5489.4692

siesta: Atomic forces (eV/Ang):
----------------------------------------
   Tot   -0.000000    0.000000    0.000000
----------------------------------------
   Max    4.896373
   Res    1.998936    sqrt( Sum f_i^2 / 3N )
----------------------------------------
   Max    4.896373    constrained

Stress tensor Voigt[x,y,z,yz,xz,xy] (kbar):       40.56       40.56       82.41       -0.00       -0.00       -0.00
(Free)E + p*V (eV/cell)    -5498.9086
Target enthalpy (eV/cell)    -5489.4778

coxmol: Writing XMOL coordinates into file siesta.xyz                                                                                                                                                                                                                          
Computing bands...
Writing WFSX for bands in siesta.bands.WFSX
*** Note: ParallelOverK option not used for Bands

diag: Algorithm                                     = D&C
diag: Parallel over k                               =   F
diag: Use parallel 2D distribution                  =   T
diag: Parallel block-size                           = 17
diag: Parallel distribution                         =     2 x     2
diag: Used triangular part                          = Lower
diag: Absolute tolerance                            =  0.100E-15
diag: Orthogonalization factor                      =  0.100E-05
diag: Memory factor                                 =  1.0000

siesta: PDOS info
siesta: E1 -- E2, sigma [eV], nhist:  -20.000 --   20.000    0.010 8000

diag: Algorithm                                     = D&C
diag: Parallel over k                               =   T
diag: Use parallel 2D distribution                  =   T
diag: Parallel block-size                           = 17
diag: Parallel distribution                         =     2 x     2
diag: Used triangular part                          = Lower
diag: Absolute tolerance                            =  0.100E-15
diag: Orthogonalization factor                      =  0.100E-05
diag: Memory factor                                 =  1.0000

siesta: Program's energy decomposition (eV):
siesta: Ebs     =     -1183.908624
siesta: Eions   =      7631.254794
siesta: Ena     =       923.136443
siesta: Ekin    =      2351.937638
siesta: Enl     =      -313.320584
siesta: Eso     =         0.000000
siesta: Edftu   =         0.000000
siesta: DEna    =        65.223264
siesta: DUscf   =        11.810086
siesta: DUext   =         0.000000
siesta: Ex      =      -838.632263
siesta: Ec      =       -57.456390
siesta: Exc     =      -896.088654
siesta: EbV     =         0.000000
siesta: eta*DQ  =         0.000000
siesta: Emadel  =         0.000000
siesta: Emeta   =         0.000000
siesta: Emolmec =         0.000000
siesta: Ekinion =         0.000000
siesta: Eharris =     -5488.556601
siesta: Etot    =     -5489.469220
siesta: FreeEng =     -5489.477775

siesta: Final energy (eV):
siesta:  Band Struct. =   -1183.908624
siesta:       Kinetic =    2351.937638
siesta:       Hartree =   18593.524948
siesta:         Edftu =       0.000000
siesta:       Eso     =       0.000000
siesta:    Ext. field =       0.000000
siesta:         Exch. =    -838.632263
siesta:         Corr. =     -57.456390
siesta:     Bulk bias =       0.000000
siesta:   Exch.-corr. =    -896.088654
siesta:  Ion-electron =  -39816.380622
siesta:       Ion-ion =   14278.450088
siesta:       Ekinion =       0.000000
siesta: D3 dispersion =      -0.912619
siesta:         Total =   -5489.469220
siesta:         Fermi =      -6.834513

siesta: Atomic forces (eV/Ang):
siesta:      1   -0.000000    0.000000    0.000000
siesta:      2   -0.000000    0.000000   -0.000000
siesta:      3    0.000000   -0.000000   -4.896373
siesta:      4   -0.000000    0.000000    4.896373
siesta: ----------------------------------------
siesta:    Tot   -0.000000    0.000000    0.000000

siesta: Stress tensor (static) (eV/Ang**3):
siesta:     0.025313   -0.000000   -0.000000
siesta:    -0.000000    0.025313    0.000000
siesta:    -0.000000   -0.000000    0.051439

siesta: Cell volume =        277.199702 Ang**3

siesta: Pressure (static):
siesta:                Solid            Molecule  Units
siesta:          -0.00037054         -0.00167096  Ry/Bohr**3
siesta:          -0.03402179         -0.15342010  eV/Ang**3
siesta:         -54.50891453       -245.80609399  kBar

Basis Enthalpy Calculation:
    Basis Pressure for species 1(Cr) :      0.2000000 GPa
    Basis Pressure for species 2(S) :      0.2000000 GPa

    Orbital volume contribution        =           2.056955 eV
    (Free)E + p_basis*V_orbitals       =       -5487.420820 eV
    (Free)Eharris+ p_basis*V_orbitals  =       -5486.508201 eV
WARNING: BASIS_ENTHALPY and BASIS_HARRIS_ENTHALPY files are deprecated. They will be removed in future releases.
Please use system_label.BASIS_ENTHALPY in your scripts instead.

cite: Please indicate the Siesta version in published work: 5.4.2
cite: This calculation has made use of features in the following articles
cite: which we encourage you to cite in published work.
cite: (Please see "siesta.bib" for a BibTeX file.)
        Primary SIESTA paper
          DOI: www.doi.org/10.1088/0953-8984/14/11/302
        Simple-DFT-D3 library
          DOI: www.doi.org/10.21105/joss.07169
        DFTD3 BJ damping
          DOI: www.doi.org/10.1002/jcc.21759
        PSML pseudopotential format
          DOI: www.doi.org/10.1016/j.cpc.2018.02.011


>> End of run:  28-JUL-2026  12:14:49
Job completed
